{[32mnames[0m:[E],[32medges[0m:[4],[32mblocks[0m:[420,426,432,438]}
{[32mnames[0m:[C],[32medges[0m:[3],[32mblocks[0m:[9,11,13]}
{[32mnames[0m:[B,F],[32medges[0m:[3,6],[32mblocks[0m:[0,0,0,0,0,0,0,0,0,0,0,0,0,0,0,0,0,0]}


#
{[32mnames[0m:[A,B,C],[32medges[0m:[{arrow:1,segment:{-1:1,0:1,-2:1}},{arrow:0,segment:{0:1,1:2}},{arrow:0,segment:{0:2,1:2}}],[32mblocks[0m:{[33m[-1,0,1][0m:[0,1],[33m[-1,1,0][0m:[2,3,4,5],[33m[0,0,0][0m:[6,7],[33m[-2,1,1][0m:[8,9,10,11]}}
{[32mnames[0m:[E,F,G],[32medges[0m:[{arrow:0,segment:{0:2,1:1}},{arrow:1,segment:{-2:1,-1:1,0:2}},{arrow:1,segment:{0:1,-1:2}}],[32mblocks[0m:{[33m[0,0,0][0m:[0,1,2,3],[33m[1,-1,0][0m:[4],[33m[1,0,-1][0m:[5,6,7,8]}}
{[32mnames[0m:[A,C,E,F],[32medges[0m:[{arrow:1,segment:{-1:1,0:1,-2:1}},{arrow:0,segment:{0:2,1:2}},{arrow:0,segment:{0:2,1:1}},{arrow:1,segment:{-2:1,-1:1,0:2}}],[32mblocks[0m:{[33m[-1,0,1,0][0m:[34,46,45,61],[33m[-1,1,0,0][0m:[0,0,0,0,0,1,2,3],[33m[-1,1,1,-1][0m:[0,4],[33m[0,0,0,0][0m:[0,6,12,18,0,7,14,21],[33m[0,0,1,-1][0m:[24,28],[33m[0,1,0,-1][0m:[0,0,0,0],[33m[0,1,1,-2][0m:[0,0],[33m[-2,1,1,0][0m:[-100,-136,-111,-151]}}
{[32mnames[0m:[A,C,E,F],[32medges[0m:[{arrow:1,segment:{-1:1,0:1,-2:1}},{arrow:0,segment:{0:2,1:2}},{arrow:0,segment:{0:2,1:1}},{arrow:1,segment:{-2:1,-1:1,0:2}}],[32mblocks[0m:{[33m[-1,0,1,0][0m:[34,46,45,61],[33m[-1,1,0,0][0m:[0,0,0,0,0,1,2,3],[33m[-1,1,1,-1][0m:[0,4],[33m[0,0,0,0][0m:[0,6,12,18,0,7,14,21],[33m[0,0,1,-1][0m:[24,28],[33m[0,1,0,-1][0m:[0,0,0,0],[33m[0,1,1,-2][0m:[0,0],[33m[-2,1,1,0][0m:[-100,-136,-111,-151]}}
{[32mnames[0m:[A,C,E,F],[32medges[0m:[{arrow:1,segment:{-1:1,0:1,-2:1}},{arrow:0,segment:{0:2,1:2}},{arrow:0,segment:{0:2,1:1}},{arrow:1,segment:{-2:1,-1:1,0:2}}],[32mblocks[0m:{[33m[-1,0,1,0][0m:[34,46,45,61],[33m[-1,1,0,0][0m:[0,0,0,0,0,1,2,3],[33m[-1,1,1,-1][0m:[0,4],[33m[0,0,0,0][0m:[0,6,12,18,0,7,14,21],[33m[0,0,1,-1][0m:[24,28],[33m[0,1,0,-1][0m:[0,0,0,0],[33m[0,1,1,-2][0m:[0,0],[33m[-2,1,1,0][0m:[-100,-136,-111,-151]}}
{[32mnames[0m:[A,C,E,F],[32medges[0m:[{arrow:1,segment:{-1:1,0:1,-2:1}},{arrow:0,segment:{0:2,1:2}},{arrow:0,segment:{0:2,1:1}},{arrow:1,segment:{-2:1,-1:1,0:2}}],[32mblocks[0m:{[33m[-1,0,1,0][0m:[34,46,45,61],[33m[-1,1,0,0][0m:[0,0,0,0,0,1,2,3],[33m[-1,1,1,-1][0m:[0,4],[33m[0,0,0,0][0m:[0,6,12,18,0,7,14,21],[33m[0,0,1,-1][0m:[24,28],[33m[0,1,0,-1][0m:[0,0,0,0],[33m[0,1,1,-2][0m:[0,0],[33m[-2,1,1,0][0m:[-100,-136,-111,-151]}}


#
{[32mnames[0m:[A,C,D],[32medges[0m:[{arrow:1,segment:{-1:1,0:1,-2:1}},{arrow:0,segment:{0:2,1:2}},{arrow:1,segment:{0:2,-1:1,-2:2}}],[32mblocks[0m:{[33m[-1,1,0][0m:[0,1,2,3],[33m[0,0,0][0m:[4,5,6,7],[33m[0,1,-1][0m:[8,9]}}
{[32mnames[0m:[E,F,H],[32medges[0m:[{arrow:0,segment:{0:2,1:1}},{arrow:1,segment:{-2:1,-1:1,0:2}},{arrow:0,segment:{0:2,1:1,2:2}}],[32mblocks[0m:{[33m[0,-2,2][0m:[0,1,2,3],[33m[0,-1,1][0m:[4,5],[33m[0,0,0][0m:[6,7,8,9,10,11,12,13],[33m[1,-2,1][0m:[14],[33m[1,-1,0][0m:[15,16]}}
{[32mnames[0m:[A,C,E,F],[32medges[0m:[{arrow:1,segment:{-1:1,0:1,-2:1}},{arrow:0,segment:{0:2,1:2}},{arrow:0,segment:{0:2,1:1}},{arrow:1,segment:{-2:1,-1:1,0:2}}],[32mblocks[0m:{[33m[-1,0,1,0][0m:[0,0,0,0],[33m[-1,1,0,0][0m:[7,9,11,13,33,43,53,63],[33m[-1,1,1,-1][0m:[16,78],[33m[0,0,0,0][0m:[59,77,95,113,85,111,137,163],[33m[0,0,1,-1][0m:[140,202],[33m[0,1,0,-1][0m:[-32,-40,-36,-45],[33m[0,1,1,-2][0m:[-112,-126],[33m[-2,1,1,0][0m:[0,0,0,0]}}
{[32mnames[0m:[A,C,E,F],[32medges[0m:[{arrow:1,segment:{-1:1,0:1,-2:1}},{arrow:0,segment:{0:2,1:2}},{arrow:0,segment:{0:2,1:1}},{arrow:1,segment:{-2:1,-1:1,0:2}}],[32mblocks[0m:{[33m[-1,0,1,0][0m:[0,0,0,0],[33m[-1,1,0,0][0m:[7,9,11,13,33,43,53,63],[33m[-1,1,1,-1][0m:[16,78],[33m[0,0,0,0][0m:[59,77,95,113,85,111,137,163],[33m[0,0,1,-1][0m:[140,202],[33m[0,1,0,-1][0m:[-32,-40,-36,-45],[33m[0,1,1,-2][0m:[-112,-126],[33m[-2,1,1,0][0m:[0,0,0,0]}}
{[32mnames[0m:[A,C,E,F],[32medges[0m:[{arrow:1,segment:{-1:1,0:1,-2:1}},{arrow:0,segment:{0:2,1:2}},{arrow:0,segment:{0:2,1:1}},{arrow:1,segment:{-2:1,-1:1,0:2}}],[32mblocks[0m:{[33m[-1,0,1,0][0m:[0,0,0,0],[33m[-1,1,0,0][0m:[7,9,11,13,33,43,53,63],[33m[-1,1,1,-1][0m:[16,78],[33m[0,0,0,0][0m:[59,77,95,113,85,111,137,163],[33m[0,0,1,-1][0m:[140,202],[33m[0,1,0,-1][0m:[-32,-40,-36,-45],[33m[0,1,1,-2][0m:[-112,-126],[33m[-2,1,1,0][0m:[0,0,0,0]}}
{[32mnames[0m:[A,C,E,F],[32medges[0m:[{arrow:1,segment:{-1:1,0:1,-2:1}},{arrow:0,segment:{0:2,1:2}},{arrow:0,segment:{0:2,1:1}},{arrow:1,segment:{-2:1,-1:1,0:2}}],[32mblocks[0m:{[33m[-1,0,1,0][0m:[0,0,0,0],[33m[-1,1,0,0][0m:[7,9,11,13,33,43,53,63],[33m[-1,1,1,-1][0m:[16,78],[33m[0,0,0,0][0m:[59,77,95,113,85,111,137,163],[33m[0,0,1,-1][0m:[140,202],[33m[0,1,0,-1][0m:[-32,-40,-36,-45],[33m[0,1,1,-2][0m:[-112,-126],[33m[-2,1,1,0][0m:[0,0,0,0]}}


#
{[32mnames[0m:[A,C,E,F],[32medges[0m:[{-1:1,0:1,-2:1},{0:2,1:2},{0:2,1:1},{-2:1,-1:1,0:2}],[32mblocks[0m:{[33m[-1,0,1,0][0m:[1062,1166,1386,1522],[33m[-1,1,0,0][0m:[601,655,709,763,704,770,836,902],[33m[-1,1,1,-1][0m:[1012,1229],[33m[0,0,0,0][0m:[1515,1673,1831,1989,1618,1788,1958,2128],[33m[0,0,1,-1][0m:[2898,3115],[33m[0,1,0,-1][0m:[944,1420,1008,1517],[33m[0,1,1,-2][0m:[4314,4604],[33m[-2,1,1,0][0m:[5922,6506,6246,6862]}}
{[32mnames[0m:[A,C,E,F],[32medges[0m:[{-1:1,0:1,-2:1},{0:2,1:2},{0:2,1:1},{-2:1,-1:1,0:2}],[32mblocks[0m:{[33m[-1,0,1,0][0m:[1062,1166,1386,1522],[33m[-1,1,0,0][0m:[601,655,709,763,704,770,836,902],[33m[-1,1,1,-1][0m:[1012,1229],[33m[0,0,0,0][0m:[1515,1673,1831,1989,1618,1788,1958,2128],[33m[0,0,1,-1][0m:[2898,3115],[33m[0,1,0,-1][0m:[944,1420,1008,1517],[33m[0,1,1,-2][0m:[4314,4604],[33m[-2,1,1,0][0m:[5922,6506,6246,6862]}}
{[32mnames[0m:[A,C,E,F],[32medges[0m:[{-1:1,0:1,-2:1},{0:2,1:2},{0:2,1:1},{-2:1,-1:1,0:2}],[32mblocks[0m:{[33m[-1,0,1,0][0m:[1062,1166,1386,1522],[33m[-1,1,0,0][0m:[601,655,709,763,704,770,836,902],[33m[-1,1,1,-1][0m:[1012,1229],[33m[0,0,0,0][0m:[1515,1673,1831,1989,1618,1788,1958,2128],[33m[0,0,1,-1][0m:[2898,3115],[33m[0,1,0,-1][0m:[944,1420,1008,1517],[33m[0,1,1,-2][0m:[4314,4604],[33m[-2,1,1,0][0m:[5922,6506,6246,6862]}}
{[32mnames[0m:[A,C,E,F],[32medges[0m:[{-1:1,0:1,-2:1},{0:2,1:2},{0:2,1:1},{-2:1,-1:1,0:2}],[32mblocks[0m:{[33m[-1,0,1,0][0m:[1062,1166,1386,1522],[33m[-1,1,0,0][0m:[601,655,709,763,704,770,836,902],[33m[-1,1,1,-1][0m:[1012,1229],[33m[0,0,0,0][0m:[1515,1673,1831,1989,1618,1788,1958,2128],[33m[0,0,1,-1][0m:[2898,3115],[33m[0,1,0,-1][0m:[944,1420,1008,1517],[33m[0,1,1,-2][0m:[4314,4604],[33m[-2,1,1,0][0m:[5922,6506,6246,6862]}}
{[32mnames[0m:[A,C,E,F],[32medges[0m:[{-1:1,0:1,-2:1},{0:2,1:2},{0:2,1:1},{-2:1,-1:1,0:2}],[32mblocks[0m:{[33m[-1,0,1,0][0m:[1062,1166,1386,1522],[33m[-1,1,0,0][0m:[601,655,709,763,704,770,836,902],[33m[-1,1,1,-1][0m:[1012,1229],[33m[0,0,0,0][0m:[1515,1673,1831,1989,1618,1788,1958,2128],[33m[0,0,1,-1][0m:[2898,3115],[33m[0,1,0,-1][0m:[944,1420,1008,1517],[33m[0,1,1,-2][0m:[4314,4604],[33m[-2,1,1,0][0m:[5922,6506,6246,6862]}}


#
{[32mnames[0m:[A,C,E,F],[32medges[0m:[{arrow:1,segment:{-1:1,0:1,-2:1}},{arrow:0,segment:{0:2,1:2}},{arrow:0,segment:{0:2,1:1}},{arrow:1,segment:{-2:1,-1:1,0:2}}],[32mblocks[0m:{[33m[-1,0,1,0][0m:[1062,1166,1386,1522],[33m[-1,1,0,0][0m:[-571,-621,-671,-721,-558,-604,-650,-696],[33m[-1,1,1,-1][0m:[-940,-873],[33m[0,0,0,0][0m:[1515,1673,1831,1989,1618,1788,1958,2128],[33m[0,0,1,-1][0m:[2898,3115],[33m[0,1,0,-1][0m:[-944,-1420,-1008,-1517],[33m[0,1,1,-2][0m:[-4314,-4604],[33m[-2,1,1,0][0m:[-5922,-6506,-6246,-6862]}}
{[32mnames[0m:[A,C,E,F],[32medges[0m:[{arrow:1,segment:{-1:1,0:1,-2:1}},{arrow:0,segment:{0:2,1:2}},{arrow:0,segment:{0:2,1:1}},{arrow:1,segment:{-2:1,-1:1,0:2}}],[32mblocks[0m:{[33m[-1,0,1,0][0m:[1062,1166,1386,1522],[33m[-1,1,0,0][0m:[-571,-621,-671,-721,-558,-604,-650,-696],[33m[-1,1,1,-1][0m:[-940,-873],[33m[0,0,0,0][0m:[1515,1673,1831,1989,1618,1788,1958,2128],[33m[0,0,1,-1][0m:[2898,3115],[33m[0,1,0,-1][0m:[-944,-1420,-1008,-1517],[33m[0,1,1,-2][0m:[-4314,-4604],[33m[-2,1,1,0][0m:[-5922,-6506,-6246,-6862]}}
{[32mnames[0m:[A,C,E,F],[32medges[0m:[{arrow:1,segment:{-1:1,0:1,-2:1}},{arrow:0,segment:{0:2,1:2}},{arrow:0,segment:{0:2,1:1}},{arrow:1,segment:{-2:1,-1:1,0:2}}],[32mblocks[0m:{[33m[-1,0,1,0][0m:[1062,1166,1386,1522],[33m[-1,1,0,0][0m:[-571,-621,-671,-721,-558,-604,-650,-696],[33m[-1,1,1,-1][0m:[-940,-873],[33m[0,0,0,0][0m:[1515,1673,1831,1989,1618,1788,1958,2128],[33m[0,0,1,-1][0m:[2898,3115],[33m[0,1,0,-1][0m:[-944,-1420,-1008,-1517],[33m[0,1,1,-2][0m:[-4314,-4604],[33m[-2,1,1,0][0m:[-5922,-6506,-6246,-6862]}}
{[32mnames[0m:[A,C,E,F],[32medges[0m:[{arrow:1,segment:{-1:1,0:1,-2:1}},{arrow:0,segment:{0:2,1:2}},{arrow:0,segment:{0:2,1:1}},{arrow:1,segment:{-2:1,-1:1,0:2}}],[32mblocks[0m:{[33m[-1,0,1,0][0m:[1062,1166,1386,1522],[33m[-1,1,0,0][0m:[-571,-621,-671,-721,-558,-604,-650,-696],[33m[-1,1,1,-1][0m:[-940,-873],[33m[0,0,0,0][0m:[1515,1673,1831,1989,1618,1788,1958,2128],[33m[0,0,1,-1][0m:[2898,3115],[33m[0,1,0,-1][0m:[-944,-1420,-1008,-1517],[33m[0,1,1,-2][0m:[-4314,-4604],[33m[-2,1,1,0][0m:[-5922,-6506,-6246,-6862]}}
{[32mnames[0m:[A,C,E,F],[32medges[0m:[{arrow:1,segment:{-1:1,0:1,-2:1}},{arrow:0,segment:{0:2,1:2}},{arrow:0,segment:{0:2,1:1}},{arrow:1,segment:{-2:1,-1:1,0:2}}],[32mblocks[0m:{[33m[-1,0,1,0][0m:[1062,1166,1386,1522],[33m[-1,1,0,0][0m:[-571,-621,-671,-721,-558,-604,-650,-696],[33m[-1,1,1,-1][0m:[-940,-873],[33m[0,0,0,0][0m:[1515,1673,1831,1989,1618,1788,1958,2128],[33m[0,0,1,-1][0m:[2898,3115],[33m[0,1,0,-1][0m:[-944,-1420,-1008,-1517],[33m[0,1,1,-2][0m:[-4314,-4604],[33m[-2,1,1,0][0m:[-5922,-6506,-6246,-6862]}}
