{[32mnames[0m:[A,B],[32medges[0m:[2,2],[32mblocks[0m:[0,1,2,3]}
{[32mnames[0m:[C,D],[32medges[0m:[2,2],[32mblocks[0m:[0,1,2,3]}
{[32mnames[0m:[B,D],[32medges[0m:[2,2],[32mblocks[0m:[4,6,6,10]}
{[32mnames[0m:[B,C],[32medges[0m:[2,2],[32mblocks[0m:[2,6,3,11]}
{[32mnames[0m:[A,D],[32medges[0m:[2,2],[32mblocks[0m:[2,3,6,11]}
{[32mnames[0m:[A,C],[32medges[0m:[2,2],[32mblocks[0m:[1,3,3,13]}
{[32mnames[0m:[A,C,E,F],[32medges[0m:[1,3,3,1],[32mblocks[0m:[316,796,1276,428,1164,1900,540,1532,2524]}
{[32mnames[0m:[A,B,C,D],[32medges[0m:[{arrow:1,segment:{-1:1,0:1,-2:1}},{arrow:0,segment:{0:1,1:2}},{arrow:0,segment:{0:2,1:2}},{arrow:1,segment:{0:2,-1:1,-2:2}}],[32mblocks[0m:{[33m[-2,1,1,0][0m:[0,1,2,3,4,5,6,7],[33m[-1,0,1,0][0m:[8,9,10,11],[33m[-1,1,0,0][0m:[12,13,14,15,16,17,18,19],[33m[-1,1,1,-1][0m:[20,21,22,23],[33m[0,0,0,0][0m:[24,25,26,27],[33m[0,0,1,-1][0m:[28,29],[33m[0,1,0,-1][0m:[30,31,32,33],[33m[0,1,1,-2][0m:[34,35,36,37,38,39,40,41]}}
{[32mnames[0m:[E,F,G,H],[32medges[0m:[{arrow:0,segment:{0:2,1:1}},{arrow:1,segment:{-2:1,-1:1,0:2}},{arrow:1,segment:{0:1,-1:2}},{arrow:0,segment:{0:2,1:1,2:2}}],[32mblocks[0m:{[33m[0,-2,0,2][0m:[0,1,2,3],[33m[0,-1,-1,2][0m:[4,5,6,7,8,9,10,11],[33m[0,-1,0,1][0m:[12,13],[33m[0,0,-1,1][0m:[14,15,16,17,18,19,20,21],[33m[0,0,0,0][0m:[22,23,24,25,26,27,28,29],[33m[1,-2,-1,2][0m:[30,31,32,33],[33m[1,-2,0,1][0m:[34],[33m[1,-1,-1,1][0m:[35,36],[33m[1,-1,0,0][0m:[37,38],[33m[1,0,-1,0][0m:[39,40,41,42,43,44,45,46]}}
{[32mnames[0m:[A,C,E,F],[32medges[0m:[{arrow:1,segment:{-1:1,0:1,-2:1}},{arrow:0,segment:{0:2,1:2}},{arrow:0,segment:{0:2,1:1}},{arrow:1,segment:{-2:1,-1:1,0:2}}],[32mblocks[0m:{[33m[-2,1,1,0][0m:[-414,-454,-738,-810],[33m[-1,0,1,0][0m:[2358,2590,2682,2946],[33m[-1,1,0,0][0m:[-227,-277,-327,-377,-166,-212,-258,-304],[33m[-1,1,1,-1][0m:[-854,-775],[33m[0,0,0,0][0m:[2003,2225,2447,2669,2122,2356,2590,2824],[33m[0,0,1,-1][0m:[4040,4261],[33m[0,1,0,-1][0m:[-1148,-1760,-1204,-1849],[33m[0,1,1,-2][0m:[-5560,-5846]}}
{[32mnames[0m:[A,C,E,F],[32medges[0m:[{arrow:1,segment:{-1:1,0:1,-2:1}},{arrow:0,segment:{0:2,1:2}},{arrow:0,segment:{0:2,1:1}},{arrow:1,segment:{-2:1,-1:1,0:2}}],[32mblocks[0m:{[33m[-2,1,1,0][0m:[-414,-454,-738,-810],[33m[-1,0,1,0][0m:[2358,2590,2682,2946],[33m[-1,1,0,0][0m:[-227,-277,-327,-377,-166,-212,-258,-304],[33m[-1,1,1,-1][0m:[-854,-775],[33m[0,0,0,0][0m:[2003,2225,2447,2669,2122,2356,2590,2824],[33m[0,0,1,-1][0m:[4040,4261],[33m[0,1,0,-1][0m:[-1148,-1760,-1204,-1849],[33m[0,1,1,-2][0m:[-5560,-5846]}}
