{[32mnames[0m:[A,B,C,D],[32medges[0m:[2,3,4,5],[32mblocks[0m:[0,1,2,3,4,5,6,7,8,9,10,11,12,13,14,15,16,17,18,19,20,21,22,23,24,25,26,27,28,29,30,31,32,33,34,35,36,37,38,39,40,41,42,43,44,45,46,47,48,49,50,51,52,53,54,55,56,57,58,59,60,61,62,63,64,65,66,67,68,69,70,71,72,73,74,75,76,77,78,79,80,81,82,83,84,85,86,87,88,89,90,91,92,93,94,95,96,97,98,99,100,101,102,103,104,105,106,107,108,109,110,111,112,113,114,115,116,117,118,119]}
{[32mnames[0m:[A,C,E],[32medges[0m:[2,4,8],[32mblocks[0m:[-0.129192,-0.545039,-0.0659008,-0.0640811,0.0468334,-0.80556,0.156264,0.0474663,-0.154407,-0.492887,0.0471441,0.00149847,0.0482644,0.266688,-0.229751,-0.777662,-0.179622,-0.440734,0.143803,0.0302832,0.0882409,0.2384,-0.58775,0.584656,-0.204836,-0.388581,-0.226428,0.0899185,-0.0326005,0.45425,0.701363,0.219948,-0.43177,0.0807945,0.12226,-0.649532,-0.607975,0.0208149,-0.00385447,0.011225,-0.456985,0.132947,0.714151,0.474911,-0.0260334,-0.0828362,0.171736,-0.030079,-0.4822,0.1851,-0.618902,0.466308,-0.258136,-0.0971993,-0.234952,-0.0381368,-0.507414,0.237253,-0.116128,-0.349305,0.741406,0.00544305,0.0269446,-0.0174166]}
{[32mnames[0m:[F,B,D],[32medges[0m:[8,3,5],[32mblocks[0m:[-0.177428,-0.180824,-0.184219,-0.187615,-0.19101,-0.245338,-0.248734,-0.252129,-0.255525,-0.25892,-0.313248,-0.316644,-0.320039,-0.323435,-0.32683,0.394062,0.37868,0.363298,0.347916,0.332534,0.0864199,0.0710378,0.0556557,0.0402736,0.0248915,-0.221222,-0.236605,-0.251987,-0.267369,-0.282751,0.88776,-0.06323,-0.202669,-0.228799,-0.232349,-0.104437,-0.0771049,-0.0875889,-0.0806322,-0.0778412,-0.0134873,0.0559798,0.0354025,0.116419,0.0725769,0.136653,-0.872725,0.191724,0.0379409,0.297437,0.084971,0.112771,0.104215,0.105494,0.0802178,-0.100074,-0.10082,0.0559117,-0.145607,0.0118901,0.0197074,-0.106544,0.25733,0.613909,-0.451438,-0.135984,-0.193094,-0.00907031,-0.209955,-0.130519,-0.0648519,0.260766,0.227079,-0.259604,0.182269,-0.00358151,-0.130787,0.0646274,0.232108,-0.0801894,0.0111731,0.157543,-0.271218,-0.13812,0.0233487,0.0326593,0.0871099,0.169679,0.53557,-0.689923,-0.062436,-0.0152959,0.492454,-0.153962,-0.306085,-0.183902,0.0189918,0.210114,0.160795,-0.0311284,-0.411802,-0.157424,-0.244982,0.487332,0.197331,0.026425,-0.124374,-0.145402,0.198294,-0.507059,0.389751,0.2059,0.0900797,0.178205,0.14313,0.341505,-0.173971,-0.50809,-0.059781,-0.0546141]}
{[32mnames[0m:[,SVD_U,,SVD_V],[32medges[0m:[8,8],[32mblocks[0m:[749.943,0,0,0,0,0,0,0,0,80.0374,0,0,0,0,0,0,0,0,5.33046e-14,0,0,0,0,0,0,0,0,2.20542e-14,0,0,0,0,0,0,0,0,5.26593e-15,0,0,0,0,0,0,0,0,4.13489e-15,0,0,0,0,0,0,0,0,1.23872e-15,0,0,0,0,0,0,0,0,6.60173e-16]}
{[32mnames[0m:[A,B,C,D],[32medges[0m:[2,3,4,5],[32mblocks[0m:[-1.32215e-15,1,2,3,4,5,6,7,8,9,10,11,12,13,14,15,16,17,18,19,20,21,22,23,24,25,26,27,28,29,30,31,32,33,34,35,36,37,38,39,40,41,42,43,44,45,46,47,48,49,50,51,52,53,54,55,56,57,58,59,60,61,62,63,64,65,66,67,68,69,70,71,72,73,74,75,76,77,78,79,80,81,82,83,84,85,86,87,88,89,90,91,92,93,94,95,96,97,98,99,100,101,102,103,104,105,106,107,108,109,110,111,112,113,114,115,116,117,118,119]}
{[32mnames[0m:[A,B,C,D],[32medges[0m:[2,3,4,5],[32mblocks[0m:[0,1,2,3,4,5,6,7,8,9,10,11,12,13,14,15,16,17,18,19,20,21,22,23,24,25,26,27,28,29,30,31,32,33,34,35,36,37,38,39,40,41,42,43,44,45,46,47,48,49,50,51,52,53,54,55,56,57,58,59,60,61,62,63,64,65,66,67,68,69,70,71,72,73,74,75,76,77,78,79,80,81,82,83,84,85,86,87,88,89,90,91,92,93,94,95,96,97,98,99,100,101,102,103,104,105,106,107,108,109,110,111,112,113,114,115,116,117,118,119]}
{[32mnames[0m:[A,D,E],[32medges[0m:[2,5,10],[32mblocks[0m:[-0.141922,0.439754,0.277677,0.392598,-0.382983,0.0749629,0.571083,-0.0391272,0.0392758,0.271536,-0.146421,0.430235,-0.00451426,-0.857554,-0.0509729,0.160745,0.113227,0.0113184,-0.0366617,0.123736,-0.15092,0.420715,-0.0328582,0.113724,0.193122,-0.0762384,-0.195703,0.139872,0.77949,-0.278624,-0.15542,0.411196,0.0978597,0.172941,0.0308641,0.186627,-0.184146,0.0283528,-0.541054,-0.635643,-0.159919,0.401676,-0.382549,0.186756,0.186217,-0.365852,-0.350802,-0.142342,-0.255106,0.504909,-0.411884,-0.131414,0.567642,-0.0560757,0.453042,-0.174611,0.0433904,-0.499622,0.00229314,0.0217549,-0.416383,-0.140934,-0.255103,0.0300843,0.434751,-0.0885648,0.47208,0.551428,-0.127003,-0.0294039,-0.420882,-0.150453,0.286475,0.0782636,-0.146984,0.44746,-0.474646,0.38717,0.0130453,0.338888,-0.425382,-0.159973,-0.544434,0.0714379,-0.129559,0.438295,0.0914301,-0.500135,0.124023,-0.0958272,-0.429881,-0.169492,-0.0101949,-0.132176,-0.587499,-0.602824,-0.0859153,0.0630848,0.00169728,-0.221325]}
{[32mnames[0m:[F,B,C],[32medges[0m:[10,3,4],[32mblocks[0m:[-0.176186,-0.195255,-0.214325,-0.233395,-0.252464,-0.271534,-0.290604,-0.309674,-0.328743,-0.347813,-0.366883,-0.385952,-0.513644,-0.432223,-0.350803,-0.269382,-0.187961,-0.10654,-0.0251192,0.0563017,0.137723,0.219143,0.300564,0.381985,0.829843,-0.246943,-0.200723,-0.264802,-0.174152,-0.151691,-0.108521,-0.0770664,-0.0136603,0.107364,0.0724074,0.227944,-0.0941399,0.679111,0.14258,-0.236146,-0.341719,-0.192335,-0.169095,-0.223422,0.117087,-0.0881674,-0.0393376,0.445585,-0.0372729,0.140405,0.230051,-0.0969323,-0.21591,-0.152763,-0.0321826,-0.0710109,-0.365375,0.712292,0.25539,-0.366692,0.0537871,0.450507,-0.768605,0.04892,-0.00788928,-0.0287779,0.0247403,0.208771,0.156192,0.0398545,0.150184,-0.327683,0.0327919,-0.0425383,0.271743,0.0259742,-0.122865,-0.21808,-0.442359,0.449583,0.0731616,-0.378382,0.530464,-0.179494,0.031181,-0.145812,0.150758,0.0985145,-0.617657,0.0815664,0.146127,0.0681648,0.616696,0.100256,-0.249502,-0.280293,-0.0178693,0.0718009,0.141065,-0.817988,0.263541,0.164337,0.0540427,0.340114,0.141341,0.0318156,-0.196268,-0.175934,-0.0288515,-0.00501697,-0.0594178,0.22971,0.0873563,-0.073098,-0.584172,0.411851,-0.00904798,0.35102,-0.50973,0.189397]}
{[32mnames[0m:[,SVD_U,,SVD_V],[32medges[0m:[10,10],[32mblocks[0m:[749.622,0,0,0,0,0,0,0,0,0,0,82.983,0,0,0,0,0,0,0,0,0,0,3.50991e-14,0,0,0,0,0,0,0,0,0,0,1.64066e-14,0,0,0,0,0,0,0,0,0,0,6.49412e-15,0,0,0,0,0,0,0,0,0,0,5.53332e-15,0,0,0,0,0,0,0,0,0,0,2.63962e-15,0,0,0,0,0,0,0,0,0,0,2.29827e-15,0,0,0,0,0,0,0,0,0,0,8.96672e-16,0,0,0,0,0,0,0,0,0,0,4.37476e-16]}
{[32mnames[0m:[F,F2],[32medges[0m:[10,10],[32mblocks[0m:[1,0,0,0,0,0,0,0,0,0,0,1,0,0,0,0,0,0,0,0,0,0,1,0,0,0,0,0,0,0,0,0,0,1,0,0,0,0,0,0,0,0,0,0,1,0,0,0,0,0,0,0,0,0,0,1,0,0,0,0,0,0,0,0,0,0,1,0,0,0,0,0,0,0,0,0,0,1,0,0,0,0,0,0,0,0,0,0,1,0,0,0,0,0,0,0,0,0,0,1]}
{[32mnames[0m:[A,B,C,D],[32medges[0m:[2,3,4,5],[32mblocks[0m:[-8.92777e-15,1,2,3,4,5,6,7,8,9,10,11,12,13,14,15,16,17,18,19,20,21,22,23,24,25,26,27,28,29,30,31,32,33,34,35,36,37,38,39,40,41,42,43,44,45,46,47,48,49,50,51,52,53,54,55,56,57,58,59,60,61,62,63,64,65,66,67,68,69,70,71,72,73,74,75,76,77,78,79,80,81,82,83,84,85,86,87,88,89,90,91,92,93,94,95,96,97,98,99,100,101,102,103,104,105,106,107,108,109,110,111,112,113,114,115,116,117,118,119]}
{[32mnames[0m:[A,C,E],[32medges[0m:[{conjugated:0,map:{-2:1,-1:1,0:1},{conjugated:0,map:{0:2,1:2},{conjugated:0,map:{-1:2,0:4,1:4}],[32mblocks[0m:{[33m[-2,1,1][0m:[-0.122075,0.752448,-0.406096,0.503989,-0.208644,0.612688,0.372704,-0.664961],[33m[-1,0,1][0m:[-0.641485,-0.0861137,0.60645,0.461843,-0.728054,-0.225874,-0.573058,-0.300871],[33m[-1,1,0][0m:[-0.335084,0.678859,-0.420559,-0.5,-0.364986,0.540871,0.569423,0.5],[33m[0,0,0][0m:[-0.599075,-0.275309,-0.561528,0.5,-0.628978,-0.413296,0.428454,-0.5],[33m[0,1,-1][0m:[-0.688889,0.724867,-0.724867,-0.688889]}}
{[32mnames[0m:[,SVD_U,,SVD_V],[32medges[0m:[{conjugated:0,map:{-1:4,0:4,1:2},{conjugated:0,map:{-1:2,0:4,1:4}],[32mblocks[0m:{[33m[-1,1][0m:[45.6584,0,0,0,0,4.39435,0,0,0,0,1.4983e-15,0,0,0,0,2.32924e-16],[33m[0,0][0m:[93.1804,0,0,0,0,10.8358,0,0,0,0,0.0250556,0,0,0,0,4.13065e-15],[33m[1,-1][0m:[113.652,0,0,0.374335]}}
{[32mnames[0m:[F,B,D],[32medges[0m:[{conjugated:0,map:{-1:4,0:4,1:2},{conjugated:0,map:{0:1,1:2},{conjugated:0,map:{-2:2,-1:1,0:2}],[32mblocks[0m:{[33m[-1,1,0][0m:[-0.400975,-0.438213,-0.549929,-0.587168,-0.675919,-0.436259,0.28272,0.52238,0.576489,-0.780454,0.239371,-0.0354062,0.223637,-0.0924051,-0.748564,0.617332],[33m[0,0,0][0m:[-0.397742,-0.418434,-0.601114,-0.552099,-0.28366,0.346554,-0.632456,0.632456],[33m[0,1,-1][0m:[-0.556307,-0.597692,0.356597,0.454629,-0.680706,0.579721,0.316228,-0.316228],[33m[1,0,-1][0m:[-0.354678,0.850839],[33m[1,1,-2][0m:[-0.435692,-0.448131,-0.485449,-0.497889,-0.412787,-0.316675,-0.0283391,0.0677729]}}
{[32mnames[0m:[A,B,C,D],[32medges[0m:[{conjugated:0,map:{-2:1,-1:1,0:1},{conjugated:0,map:{0:1,1:2},{conjugated:0,map:{0:2,1:2},{conjugated:0,map:{-2:2,-1:1,0:2}],[32mblocks[0m:{[33m[-2,1,1,0][0m:[0,1,2,3,4,5,6,7],[33m[-1,0,1,0][0m:[8,9,10,11],[33m[-1,1,0,0][0m:[12,13,14,15,16,17,18,19],[33m[-1,1,1,-1][0m:[20,21,22,23],[33m[0,0,0,0][0m:[24,25,26,27],[33m[0,0,1,-1][0m:[28,29],[33m[0,1,0,-1][0m:[30,31,32,33],[33m[0,1,1,-2][0m:[34,35,36,37,38,39,40,41]}}
{[32mnames[0m:[A,B,C,D],[32medges[0m:[{conjugated:0,map:{-2:1,-1:1,0:1},{conjugated:0,map:{0:1,1:2},{conjugated:0,map:{0:2,1:2},{conjugated:0,map:{-2:2,-1:1,0:2}],[32mblocks[0m:{[33m[-2,1,1,0][0m:[0,1,2,3,4,5,6,7],[33m[-1,0,1,0][0m:[8,9,10,11],[33m[-1,1,0,0][0m:[12,13,14,15,16,17,18,19],[33m[-1,1,1,-1][0m:[20,21,22,23],[33m[0,0,0,0][0m:[24,25,26,27],[33m[0,0,1,-1][0m:[28,29],[33m[0,1,0,-1][0m:[30,31,32,33],[33m[0,1,1,-2][0m:[34,35,36,37,38,39,40,41]}}
{[32mnames[0m:[A,B,C,D],[32medges[0m:[{conjugated:0,map:{-2:1,-1:1,0:1},{conjugated:0,map:{0:1,1:2},{conjugated:0,map:{0:2,1:2},{conjugated:0,map:{-2:2,-1:1,0:2}],[32mblocks[0m:{[33m[-2,1,1,0][0m:[0,1,2,3,4,5,6,7],[33m[-1,0,1,0][0m:[8,9,10,11],[33m[-1,1,0,0][0m:[12,13,14,15,16,17,18,19],[33m[-1,1,1,-1][0m:[20,21,22,23],[33m[0,0,0,0][0m:[24,25,26,27],[33m[0,0,1,-1][0m:[28,29],[33m[0,1,0,-1][0m:[30,31,32,33],[33m[0,1,1,-2][0m:[34,35,36,37,38,39,40,41]}}
{[32mnames[0m:[A,B,C,D],[32medges[0m:[2,3,4,5],[32mblocks[0m:[0,1,2,3,4,5,6,7,8,9,10,11,12,13,14,15,16,17,18,19,20,21,22,23,24,25,26,27,28,29,30,31,32,33,34,35,36,37,38,39,40,41,42,43,44,45,46,47,48,49,50,51,52,53,54,55,56,57,58,59,60,61,62,63,64,65,66,67,68,69,70,71,72,73,74,75,76,77,78,79,80,81,82,83,84,85,86,87,88,89,90,91,92,93,94,95,96,97,98,99,100,101,102,103,104,105,106,107,108,109,110,111,112,113,114,115,116,117,118,119]}
{[32mnames[0m:[A,C,E],[32medges[0m:[2,4,2],[32mblocks[0m:[-0.129192,-0.545039,-0.154407,-0.492887,-0.179622,-0.440734,-0.204836,-0.388581,-0.43177,0.0807945,-0.456985,0.132947,-0.4822,0.1851,-0.507414,0.237253]}
{[32mnames[0m:[F,B,D],[32medges[0m:[2,3,5],[32mblocks[0m:[-0.177428,-0.180824,-0.184219,-0.187615,-0.19101,-0.245338,-0.248734,-0.252129,-0.255525,-0.25892,-0.313248,-0.316644,-0.320039,-0.323435,-0.32683,0.394062,0.37868,0.363298,0.347916,0.332534,0.0864199,0.0710378,0.0556557,0.0402736,0.0248915,-0.221222,-0.236605,-0.251987,-0.267369,-0.282751]}
{[32mnames[0m:[,SVD_U,,SVD_V],[32medges[0m:[2,2],[32mblocks[0m:[749.943,0,0,80.0374]}
{[32mnames[0m:[A,B,C,D],[32medges[0m:[2,3,4,5],[32mblocks[0m:[0,1,2,3,4,5,6,7,8,9,10,11,12,13,14,15,16,17,18,19,20,21,22,23,24,25,26,27,28,29,30,31,32,33,34,35,36,37,38,39,40,41,42,43,44,45,46,47,48,49,50,51,52,53,54,55,56,57,58,59,60,61,62,63,64,65,66,67,68,69,70,71,72,73,74,75,76,77,78,79,80,81,82,83,84,85,86,87,88,89,90,91,92,93,94,95,96,97,98,99,100,101,102,103,104,105,106,107,108,109,110,111,112,113,114,115,116,117,118,119]}
{[32mnames[0m:[A,C,E],[32medges[0m:[{conjugated:0,map:{-2:1,-1:1,0:1},{conjugated:0,map:{0:2,1:2},{conjugated:0,map:{-1:2,0:3,1:2}],[32mblocks[0m:{[33m[-2,1,1][0m:[-0.122075,0.752448,-0.208644,0.612688],[33m[-1,0,1][0m:[-0.641485,-0.0861137,-0.728054,-0.225874],[33m[-1,1,0][0m:[-0.335084,0.678859,-0.420559,-0.364986,0.540871,0.569423],[33m[0,0,0][0m:[-0.599075,-0.275309,-0.561528,-0.628978,-0.413296,0.428454],[33m[0,1,-1][0m:[-0.688889,0.724867,-0.724867,-0.688889]}}
{[32mnames[0m:[,SVD_U,,SVD_V],[32medges[0m:[{conjugated:0,map:{-1:2,0:3,1:2},{conjugated:0,map:{-1:2,0:3,1:2}],[32mblocks[0m:{[33m[-1,1][0m:[45.6584,0,0,4.39435],[33m[0,0][0m:[93.1804,0,0,0,10.8358,0,0,0,0.0250556],[33m[1,-1][0m:[113.652,0,0,0.374335]}}
{[32mnames[0m:[F,B,D],[32medges[0m:[{conjugated:0,map:{-1:2,0:3,1:2},{conjugated:0,map:{0:1,1:2},{conjugated:0,map:{-2:2,-1:1,0:2}],[32mblocks[0m:{[33m[-1,1,0][0m:[-0.400975,-0.438213,-0.549929,-0.587168,-0.675919,-0.436259,0.28272,0.52238],[33m[0,0,0][0m:[-0.397742,-0.418434,-0.601114,-0.552099,-0.28366,0.346554],[33m[0,1,-1][0m:[-0.556307,-0.597692,0.356597,0.454629,-0.680706,0.579721],[33m[1,0,-1][0m:[-0.354678,0.850839],[33m[1,1,-2][0m:[-0.435692,-0.448131,-0.485449,-0.497889,-0.412787,-0.316675,-0.0283391,0.0677729]}}
{[32mnames[0m:[A,B,C,D],[32medges[0m:[{conjugated:0,map:{-2:1,-1:1,0:1},{conjugated:0,map:{0:1,1:2},{conjugated:0,map:{0:2,1:2},{conjugated:0,map:{-2:2,-1:1,0:2}],[32mblocks[0m:{[33m[-2,1,1,0][0m:[0,1,2,3,4,5,6,7],[33m[-1,0,1,0][0m:[8,9,10,11],[33m[-1,1,0,0][0m:[12,13,14,15,16,17,18,19],[33m[-1,1,1,-1][0m:[20,21,22,23],[33m[0,0,0,0][0m:[24,25,26,27],[33m[0,0,1,-1][0m:[28,29],[33m[0,1,0,-1][0m:[30,31,32,33],[33m[0,1,1,-2][0m:[34,35,36,37,38,39,40,41]}}
{[32mnames[0m:[A,B,C,D],[32medges[0m:[{conjugated:0,map:{-2:1,-1:1,0:1},{conjugated:0,map:{0:1,1:2},{conjugated:0,map:{0:2,1:2},{conjugated:0,map:{-2:2,-1:1,0:2}],[32mblocks[0m:{[33m[-2,1,1,0][0m:[0,1,2,3,4,5,6,7],[33m[-1,0,1,0][0m:[8,9,10,11],[33m[-1,1,0,0][0m:[12,13,14,15,16,17,18,19],[33m[-1,1,1,-1][0m:[20,21,22,23],[33m[0,0,0,0][0m:[24,25,26,27],[33m[0,0,1,-1][0m:[28,29],[33m[0,1,0,-1][0m:[30,31,32,33],[33m[0,1,1,-2][0m:[34,35,36,37,38,39,40,41]}}
{[32mnames[0m:[A,B,C,D],[32medges[0m:[{conjugated:0,map:{-2:1,-1:1,0:1},{conjugated:0,map:{0:1,1:2},{conjugated:0,map:{0:2,1:2},{conjugated:0,map:{-2:2,-1:1,0:2}],[32mblocks[0m:{[33m[-2,1,1,0][0m:[0,1,2,3,4,5,6,7],[33m[-1,0,1,0][0m:[8,9,10,11],[33m[-1,1,0,0][0m:[12,13,14,15,16,17,18,19],[33m[-1,1,1,-1][0m:[20,21,22,23],[33m[0,0,0,0][0m:[24,25,26,27],[33m[0,0,1,-1][0m:[28,29],[33m[0,1,0,-1][0m:[30,31,32,33],[33m[0,1,1,-2][0m:[34,35,36,37,38,39,40,41]}}
