{[32mnames[0m:[C,D],[32medges[0m:[5,7],[32mblocks[0m:[0,0,0,0,0,0,0,0,0,0,0,0,0,0,0,0,0,0,0,0,0,0,0,0,0,0,0,0,0,0,0,0,0,0,0]}
{[32mnames[0m:[C,D],[32medges[0m:[5,7],[32mblocks[0m:[0,0,0,0,0,0,0,0,0,0,0,0,0,0,0,0,0,0,0,0,0,0,0,0,0,0,0,0,0,0,0,0,0,0,0]}
