{[32mnames[0m:[Left,Right],[32medges[0m:[2,3],[32mblocks[0m:[0,1,2,3,4,5]}
{[32mnames[0m:[Right,Left],[32medges[0m:[3,2],[32mblocks[0m:[0,3,1,4,2,5]}
{[32mnames[0m:[Left,Right,Up],[32medges[0m:[2,3,4],[32mblocks[0m:[0,1,2,3,4,5,6,7,8,9,10,11,12,13,14,15,16,17,18,19,20,21,22,23]}
{[32mnames[0m:[Right,Up,Left],[32medges[0m:[3,4,2],[32mblocks[0m:[0,12,1,13,2,14,3,15,4,16,5,17,6,18,7,19,8,20,9,21,10,22,11,23]}
{[32mnames[0m:[Left,Right,Up],[32medges[0m:[{conjugated:0,map:{-1:3,0:1,1:2},{conjugated:0,map:{-1:1,0:2,1:3},{conjugated:0,map:{-1:2,0:3,1:1}],[32mblocks[0m:{[33m[-1,0,1][0m:[1,2,3,4,5,6],[33m[-1,1,0][0m:[7,8,9,10,11,12,13,14,15,16,17,18,19,20,21,22,23,24,25,26,27,28,29,30,31,32,33],[33m[0,-1,1][0m:[34],[33m[0,0,0][0m:[35,36,37,38,39,40],[33m[0,1,-1][0m:[41,42,43,44,45,46],[33m[1,-1,0][0m:[47,48,49,50,51,52],[33m[1,0,-1][0m:[53,54,55,56,57,58,59,60]}}
{[32mnames[0m:[Right,Up,Left],[32medges[0m:[{conjugated:0,map:{-1:1,0:2,1:3},{conjugated:0,map:{-1:2,0:3,1:1},{conjugated:0,map:{-1:3,0:1,1:2}],[32mblocks[0m:{[33m[-1,0,1][0m:[47,50,48,51,49,52],[33m[-1,1,0][0m:[34],[33m[0,-1,1][0m:[53,57,54,58,55,59,56,60],[33m[0,0,0][0m:[35,36,37,38,39,40],[33m[0,1,-1][0m:[1,3,5,2,4,6],[33m[1,-1,0][0m:[41,42,43,44,45,46],[33m[1,0,-1][0m:[7,16,25,8,17,26,9,18,27,10,19,28,11,20,29,12,21,30,13,22,31,14,23,32,15,24,33]}}
(13,0)
(13,0)
{[32mnames[0m:[Left,Right,Up],[32medges[0m:[{conjugated:0,arrow:1,map:{-1:3,0:1,1:2}},{conjugated:0,arrow:1,map:{-1:1,0:2,1:3}},{conjugated:0,arrow:1,map:{-1:2,0:3,1:1}}],[32mblocks[0m:{[33m[-1,0,1][0m:[1,2,3,4,5,6],[33m[-1,1,0][0m:[7,8,9,10,11,12,13,14,15,16,17,18,19,20,21,22,23,24,25,26,27,28,29,30,31,32,33],[33m[0,-1,1][0m:[34],[33m[0,0,0][0m:[35,36,37,38,39,40],[33m[0,1,-1][0m:[41,42,43,44,45,46],[33m[1,-1,0][0m:[47,48,49,50,51,52],[33m[1,0,-1][0m:[53,54,55,56,57,58,59,60]}}
{[32mnames[0m:[Right,Up,Left],[32medges[0m:[{conjugated:0,arrow:1,map:{-1:1,0:2,1:3}},{conjugated:0,arrow:1,map:{-1:2,0:3,1:1}},{conjugated:0,arrow:1,map:{-1:3,0:1,1:2}}],[32mblocks[0m:{[33m[-1,0,1][0m:[-47,-50,-48,-51,-49,-52],[33m[-1,1,0][0m:[34],[33m[0,-1,1][0m:[-53,-57,-54,-58,-55,-59,-56,-60],[33m[0,0,0][0m:[35,36,37,38,39,40],[33m[0,1,-1][0m:[-1,-3,-5,-2,-4,-6],[33m[1,-1,0][0m:[41,42,43,44,45,46],[33m[1,0,-1][0m:[-7,-16,-25,-8,-17,-26,-9,-18,-27,-10,-19,-28,-11,-20,-29,-12,-21,-30,-13,-22,-31,-14,-23,-32,-15,-24,-33]}}
{[32mnames[0m:[Down,Up,Left,Right],[32medges[0m:[2,3,4,5],[32mblocks[0m:[1,2,3,4,5,6,7,8,9,10,11,12,13,14,15,16,17,18,19,20,21,22,23,24,25,26,27,28,29,30,31,32,33,34,35,36,37,38,39,40,41,42,43,44,45,46,47,48,49,50,51,52,53,54,55,56,57,58,59,60,61,62,63,64,65,66,67,68,69,70,71,72,73,74,75,76,77,78,79,80,81,82,83,84,85,86,87,88,89,90,91,92,93,94,95,96,97,98,99,100,101,102,103,104,105,106,107,108,109,110,111,112,113,114,115,116,117,118,119,120]}
{[32mnames[0m:[Left,Down,Right,Up],[32medges[0m:[4,2,5,3],[32mblocks[0m:[1,21,41,2,22,42,3,23,43,4,24,44,5,25,45,61,81,101,62,82,102,63,83,103,64,84,104,65,85,105,6,26,46,7,27,47,8,28,48,9,29,49,10,30,50,66,86,106,67,87,107,68,88,108,69,89,109,70,90,110,11,31,51,12,32,52,13,33,53,14,34,54,15,35,55,71,91,111,72,92,112,73,93,113,74,94,114,75,95,115,16,36,56,17,37,57,18,38,58,19,39,59,20,40,60,76,96,116,77,97,117,78,98,118,79,99,119,80,100,120]}
93
93
{[32mnames[0m:[l1,l2,l3],[32medges[0m:[2,3,4],[32mblocks[0m:[0,1,2,3,4,5,6,7,8,9,10,11,12,13,14,15,16,17,18,19,20,21,22,23]}
{[32mnames[0m:[l1,l2,l3],[32medges[0m:[2,3,4],[32mblocks[0m:[0,1,2,3,4,5,6,7,8,9,10,11,12,13,14,15,16,17,18,19,20,21,22,23]}
{[32mnames[0m:[l1,l3,l2],[32medges[0m:[2,4,3],[32mblocks[0m:[0,4,8,1,5,9,2,6,10,3,7,11,12,16,20,13,17,21,14,18,22,15,19,23]}
{[32mnames[0m:[l2,l1,l3],[32medges[0m:[3,2,4],[32mblocks[0m:[0,1,2,3,12,13,14,15,4,5,6,7,16,17,18,19,8,9,10,11,20,21,22,23]}
{[32mnames[0m:[l2,l3,l1],[32medges[0m:[3,4,2],[32mblocks[0m:[0,12,1,13,2,14,3,15,4,16,5,17,6,18,7,19,8,20,9,21,10,22,11,23]}
{[32mnames[0m:[l3,l1,l2],[32medges[0m:[4,2,3],[32mblocks[0m:[0,4,8,12,16,20,1,5,9,13,17,21,2,6,10,14,18,22,3,7,11,15,19,23]}
{[32mnames[0m:[l3,l2,l1],[32medges[0m:[4,3,2],[32mblocks[0m:[0,12,4,16,8,20,1,13,5,17,9,21,2,14,6,18,10,22,3,15,7,19,11,23]}
