{[32mnames[0m:[A,B],[32medges[0m:[5,10],[32mblocks[0m:[0,1,2,3,4,5,6,7,8,9,10,11,12,13,14,15,16,17,18,19,20,21,22,23,24,25,26,27,28,29,30,31,32,33,34,35,36,37,38,39,40,41,42,43,44,45,46,47,48,49]}
{[32mnames[0m:[newQ,B],[32medges[0m:[5,10],[32mblocks[0m:[0,-0.0592349,-0.11847,-0.177705,-0.23694,-0.296174,-0.355409,-0.414644,-0.473879,-0.533114,-0.587754,-0.494951,-0.402147,-0.309344,-0.216541,-0.123738,-0.0309344,0.0618688,0.154672,0.247475,0.0641468,-0.293392,-0.44628,0.312486,0.325564,0.0580972,0.226223,0.113803,0.25238,-0.613027,0.685856,0.0473901,-0.548653,-0.250472,-0.180274,-0.143368,-0.0641434,0.233206,-0.00755273,0.228013,0.410482,-0.787615,0.402897,-0.0171625,-0.0423003,0.0745458,0.052995,-0.175403,-0.00558217,0.0871433]}
{[32mnames[0m:[A,newR],[32medges[0m:[5,5],[32mblocks[0m:[-16.8819,0,0,0,0,-43.5376,-17.0139,0,0,0,-70.1933,-34.0278,-8.4984e-07,0,0,-96.849,-51.0418,-1.74643e-07,-5.68982e-06,0,-123.505,-68.0557,-3.93532e-06,-1.03686e-05,-1.02069e-05]}
1.52588e-05
{[32mnames[0m:[A,newQ],[32medges[0m:[5,5],[32mblocks[0m:[0,-0.774597,0.494152,0.274102,-0.284044,-0.182574,-0.516397,-0.392145,-0.738956,0.0129251,-0.365148,-0.258199,-0.139899,0.359011,0.80718,-0.547723,9.37478e-07,-0.520382,0.402437,-0.51696,-0.730297,0.258198,0.558272,-0.296594,-0.0191009]}
{[32mnames[0m:[newR,B],[32medges[0m:[5,10],[32mblocks[0m:[-54.7723,-56.598,-58.4237,-60.2495,-62.0752,-63.901,-65.7267,-67.5524,-69.3782,-71.2039,0,-1.291,-2.58199,-3.87298,-5.16398,-6.45498,-7.74597,-9.03696,-10.328,-11.6189,0,0,-2.15706e-06,-4.41644e-06,-5.1045e-06,-5.10846e-06,-9.62818e-06,-1.32667e-05,-1.39061e-05,-1.43799e-05,0,0,0,-9.79609e-08,4.83972e-07,1.81624e-06,2.91697e-07,-1.9391e-07,8.46687e-07,1.4338e-06,0,0,0,0,-1.09175e-06,-2.16389e-06,-1.07816e-06,-2.1273e-08,-1.23493e-06,-2.2181e-06]}
5.72205e-06
{[32mnames[0m:[A,B],[32medges[0m:[10,5],[32mblocks[0m:[0,1,2,3,4,5,6,7,8,9,10,11,12,13,14,15,16,17,18,19,20,21,22,23,24,25,26,27,28,29,30,31,32,33,34,35,36,37,38,39,40,41,42,43,44,45,46,47,48,49]}
{[32mnames[0m:[newQ,B],[32medges[0m:[5,5],[32mblocks[0m:[0,-0.182574,-0.365148,-0.547723,-0.730297,-0.774597,-0.516398,-0.258199,4.20509e-08,0.258199,0.619988,-0.727957,-0.171492,0.0469013,0.232559,-0.120533,-0.405967,0.843581,0.0128714,-0.329952,0.0329566,0.0725924,0.242821,-0.835245,0.486876]}
{[32mnames[0m:[A,newR],[32medges[0m:[10,5],[32mblocks[0m:[-5.47723,0,0,0,0,-14.6059,-6.45497,0,0,0,-23.7346,-12.9099,2.81745e-06,0,0,-32.8634,-19.3649,3.78992e-06,6.12119e-07,0,-41.9921,-25.8199,5.2328e-06,4.31292e-09,9.2973e-08,-51.1208,-32.2749,7.42259e-06,1.10431e-06,4.07737e-07,-60.2495,-38.7298,7.48138e-06,1.43422e-06,5.53083e-08,-69.3782,-45.1848,1.08596e-05,-1.26043e-07,1.37403e-06,-78.5069,-51.6398,4.36559e-06,6.81822e-07,-3.81758e-07,-87.6356,-58.0948,1.65327e-05,4.06373e-07,-3.71494e-07]}
1.14441e-05
{[32mnames[0m:[A,newQ],[32medges[0m:[10,5],[32mblocks[0m:[0,-0.587754,0.729228,-0.0701056,0.343051,-0.0592349,-0.494951,-0.26696,0.803843,-0.113891,-0.11847,-0.402147,-0.204626,-0.359469,-0.342421,-0.177705,-0.309344,-0.171427,-0.362003,-0.232979,-0.23694,-0.216541,-0.15461,-0.190791,-0.0623001,-0.296174,-0.123737,-0.137793,-0.0985332,0.0597585,-0.355409,-0.0309341,-0.120976,0.0726792,0.196495,-0.414644,0.0618692,-0.104159,0.00702906,0.345768,-0.473879,0.154673,-0.0709606,0.00448912,0.409954,-0.533114,0.247474,0.502284,0.19286,-0.603434]}
{[32mnames[0m:[newR,B],[32medges[0m:[5,5],[32mblocks[0m:[-84.4097,-87.0753,-89.7409,-92.4064,-95.072,0,-1.70139,-3.40278,-5.10417,-6.80557,0,0,-4.51954e-06,-8.96363e-06,-8.02488e-06,0,0,0,-3.77464e-07,-4.8969e-07,0,0,0,0,2.63408e-06]}
9.29832e-06
