{[32mnames[0m:[i,j],[32medges[0m:[3,3],[32mblocks[0m:[114026,147081,180138,350024,451497,552967,586023,755910,925797]}
{[32mnames[0m:[i,j],[32medges[0m:[3,3],[32mblocks[0m:[47483.3,61247.9,75013.5,145758,188014,230268,244033,314778,385523]}
{[32mnames[0m:[i,j],[32medges[0m:[3,3],[32mblocks[0m:[47931.7,61826.2,75721.8,147134,189789,232442,246338,317750,389163]}
{[32mnames[0m:[i,j],[32medges[0m:[3,3],[32mblocks[0m:[47929.5,61823.4,75718.3,147127,189780,232431,246326,317735,389145]}
{[32mnames[0m:[i,j],[32medges[0m:[3,3],[32mblocks[0m:[47929.5,61823.4,75718.3,147127,189780,232431,246326,317735,389146]}
{[32mnames[0m:[i,j],[32medges[0m:[3,3],[32mblocks[0m:[47929.5,61823.4,75718.3,147127,189780,232431,246326,317735,389146]}
{[32mnames[0m:[i,j],[32medges[0m:[3,3],[32mblocks[0m:[47929.5,61823.4,75718.3,147127,189780,232431,246326,317735,389146]}
{[32mnames[0m:[i,j],[32medges[0m:[3,3],[32mblocks[0m:[47929.5,61823.4,75718.3,147127,189780,232431,246326,317735,389146]}
{[32mnames[0m:[i,j],[32medges[0m:[3,3],[32mblocks[0m:[47929.5,61823.4,75718.3,147127,189780,232431,246326,317735,389146]}
