{[32mnames[0m:[],[32medges[0m:[],[32mblocks[0m:[0]}
{[32mnames[0m:[],[32medges[0m:[],[32mblocks[0m:[0]}
