{[32mnames[0m:[A,B],[32medges[0m:[2,2],[32mblocks[0m:[0,1,2,3]}
{[32mnames[0m:[C,D],[32medges[0m:[2,2],[32mblocks[0m:[0,1,2,3]}
{[32mnames[0m:[B,D],[32medges[0m:[2,2],[32mblocks[0m:[4,6,6,10]}
{[32mnames[0m:[B,C],[32medges[0m:[2,2],[32mblocks[0m:[2,6,3,11]}
{[32mnames[0m:[A,D],[32medges[0m:[2,2],[32mblocks[0m:[2,3,6,11]}
{[32mnames[0m:[A,C],[32medges[0m:[2,2],[32mblocks[0m:[1,3,3,13]}
{[32mnames[0m:[A,C,E,F],[32medges[0m:[1,3,3,1],[32mblocks[0m:[316,796,1276,428,1164,1900,540,1532,2524]}
{[32mnames[0m:[A,B,C,D],[32medges[0m:[{arrow:1,segment:{-1:1,0:1,-2:1}},{arrow:0,segment:{0:1,1:2}},{arrow:0,segment:{0:2,1:2}},{arrow:1,segment:{0:2,-1:1,-2:2}}],[32mblocks[0m:{[33m[-1,0,1,0][0m:[0,1,2,3],[33m[-1,1,0,0][0m:[4,5,6,7,8,9,10,11],[33m[-1,1,1,-1][0m:[12,13,14,15],[33m[0,0,0,0][0m:[16,17,18,19],[33m[0,0,1,-1][0m:[20,21],[33m[0,1,0,-1][0m:[22,23,24,25],[33m[0,1,1,-2][0m:[26,27,28,29,30,31,32,33],[33m[-2,1,1,0][0m:[34,35,36,37,38,39,40,41]}}
{[32mnames[0m:[E,F,G,H],[32medges[0m:[{arrow:0,segment:{0:2,1:1}},{arrow:1,segment:{-2:1,-1:1,0:2}},{arrow:1,segment:{0:1,-1:2}},{arrow:0,segment:{0:2,1:1,2:2}}],[32mblocks[0m:{[33m[0,-2,0,2][0m:[0,1,2,3],[33m[0,-1,0,1][0m:[4,5],[33m[0,-1,-1,2][0m:[6,7,8,9,10,11,12,13],[33m[0,0,0,0][0m:[14,15,16,17,18,19,20,21],[33m[0,0,-1,1][0m:[22,23,24,25,26,27,28,29],[33m[1,-2,0,1][0m:[30],[33m[1,-2,-1,2][0m:[31,32,33,34],[33m[1,-1,0,0][0m:[35,36],[33m[1,-1,-1,1][0m:[37,38],[33m[1,0,-1,0][0m:[39,40,41,42,43,44,45,46]}}
{[32mnames[0m:[A,C,E,F],[32medges[0m:[{arrow:1,segment:{-1:1,0:1,-2:1}},{arrow:0,segment:{0:2,1:2}},{arrow:0,segment:{0:2,1:1}},{arrow:1,segment:{-2:1,-1:1,0:2}}],[32mblocks[0m:{[33m[-1,0,1,0][0m:[1062,1166,1386,1522],[33m[-1,1,0,0][0m:[-571,-621,-671,-721,-558,-604,-650,-696],[33m[-1,1,1,-1][0m:[-940,-873],[33m[0,0,0,0][0m:[1515,1673,1831,1989,1618,1788,1958,2128],[33m[0,0,1,-1][0m:[2898,3115],[33m[0,1,0,-1][0m:[-944,-1420,-1008,-1517],[33m[0,1,1,-2][0m:[-4314,-4604],[33m[-2,1,1,0][0m:[-5922,-6506,-6246,-6862]}}
{[32mnames[0m:[A,C,E,F],[32medges[0m:[{arrow:1,segment:{-1:1,0:1,-2:1}},{arrow:0,segment:{0:2,1:2}},{arrow:0,segment:{0:2,1:1}},{arrow:1,segment:{-2:1,-1:1,0:2}}],[32mblocks[0m:{[33m[-1,0,1,0][0m:[1062,1166,1386,1522],[33m[-1,1,0,0][0m:[-571,-621,-671,-721,-558,-604,-650,-696],[33m[-1,1,1,-1][0m:[-940,-873],[33m[0,0,0,0][0m:[1515,1673,1831,1989,1618,1788,1958,2128],[33m[0,0,1,-1][0m:[2898,3115],[33m[0,1,0,-1][0m:[-944,-1420,-1008,-1517],[33m[0,1,1,-2][0m:[-4314,-4604],[33m[-2,1,1,0][0m:[-5922,-6506,-6246,-6862]}}
